// Jest Snapshot v1, https://goo.gl/fbAQLP

exports[`test bolus detection bolus 1`] = `0.06503006541480404`;

exports[`test bolus non negative bolus after 60min 1`] = `3.9000045728495754`;

exports[`test bolus non negative bolus after 60min 2`] = `
Array [
  0,
  0,
  0,
  0,
  0,
  0,
  0,
  0,
  0,
  0,
  0,
  0,
  0.004677146819686007,
  0.017774430915882815,
  0.03798781311998201,
  0.04810141703733742,
  0.05708852112721592,
  0.06503006541480404,
  0.07200214271165373,
  0.07807626047949658,
  0.08331958946398073,
  0.08779519973588029,
  0.09156228474766706,
  0.09467637398501878,
  0.09718953476580354,
  0.0991505637132741,
  0.10060516840556893,
  0.1015961396801029,
  0.1021635150489832,
  0.10234473366016489,
  0.10217478321861251,
  0.10168633926222266,
  0.10090989716864128,
  0.09987389725134012,
  0.09860484328636178,
  0.09712741479496638,
  0.09546457339197625,
  0.09363766349489207,
  0.0916665076748042,
  0.08956949691672443,
  0.08736367604417997,
  0.08506482455072101,
  0.08268753306936391,
  0.0802452756999041,
  0.07775047840345645,
  0.07521458366349719,
  0.07264811160306513,
  0.07006071773861308,
  0.06746124754225835,
  0.0648577879758496,
  0.062257716152323096,
  0.05966774527225038,
  0.057093967976262414,
  0.05454189724715723,
  0.052016504988943085,
  0.04952225840382329,
  0.04706315428217696,
  0.04464275131491819,
  0.0422642005322149,
  0.039930273967400315,
  0.037643391640007774,
  0.03540564694718977,
  0.03321883054833354,
  0.031084452823450882,
  0.029003764981884745,
  0.026977778894035763,
  0.0250072857151536,
  0.023092873366757825,
  0.02123494293793767,
  0.0194337240656263,
  0.01768928934994217,
  0.01600156785783264,
  0,
  0,
  0,
  0,
  0,
  0,
  0,
  0,
  0,
  0,
  0,
  0,
  0,
  0,
  0,
  0,
  0,
  0,
  0,
  0,
  0,
  0,
  0,
  0,
  0,
  0,
  0,
  0,
]
`;
