// Jest Snapshot v1, https://goo.gl/fbAQLP

exports[`test computeBasalIOB detection drug 1`] = `0.005679895517704191`;
