// Jest Snapshot v1, https://goo.gl/fbAQLP

exports[`test detemir weight:80 ins:30 minutesAgo:300 1`] = `0.032066191747993`;
