// Jest Snapshot v1, https://goo.gl/fbAQLP

exports[`test glargine weight:80 ins:30 minutesAgo:300 1`] = `0.022077078659967386`;
