// Jest Snapshot v1, https://goo.gl/fbAQLP

exports[`Physical test test sequence {"created_at": "2001-01-01T00:00:00.000Z", "heartRate": 85} 1`] = `1`;

exports[`Physical test test sequence {"created_at": "2001-01-01T00:05:00.000Z", "heartRate": 85} 1`] = `1`;

exports[`Physical test test sequence {"created_at": "2001-01-01T00:10:00.000Z", "heartRate": 85} 1`] = `1`;

exports[`Physical test test sequence {"created_at": "2001-01-01T00:15:00.000Z", "heartRate": 85} 1`] = `1`;

exports[`Physical test test sequence {"created_at": "2001-01-01T00:20:00.000Z", "heartRate": 85} 1`] = `1`;

exports[`Physical test test sequence {"created_at": "2001-01-01T00:25:00.000Z", "heartRate": 85} 1`] = `1`;

exports[`Physical test test sequence {"created_at": "2001-01-01T00:30:00.000Z", "heartRate": 85} 1`] = `1`;

exports[`Physical test test sequence {"created_at": "2001-01-01T00:35:00.000Z", "heartRate": 85} 1`] = `1`;

exports[`Physical test test sequence {"created_at": "2001-01-01T00:40:00.000Z", "heartRate": 85} 1`] = `1`;

exports[`Physical test test sequence {"created_at": "2001-01-01T00:45:00.000Z", "heartRate": 85} 1`] = `1`;

exports[`Physical test test sequence {"created_at": "2001-01-01T00:50:00.000Z", "heartRate": 85} 1`] = `1`;

exports[`Physical test test sequence {"created_at": "2001-01-01T00:55:00.000Z", "heartRate": 85} 1`] = `1`;

exports[`Physical test test sequence {"created_at": "2001-01-01T01:00:00.000Z", "heartRate": 85} 1`] = `1`;

exports[`Physical test test sequence {"created_at": "2001-01-01T01:05:00.000Z", "heartRate": 85} 1`] = `1`;

exports[`Physical test test sequence {"created_at": "2001-01-01T01:10:00.000Z", "heartRate": 85} 1`] = `1`;

exports[`Physical test test sequence {"created_at": "2001-01-01T01:15:00.000Z", "heartRate": 85} 1`] = `1`;

exports[`Physical test test sequence {"created_at": "2001-01-01T01:20:00.000Z", "heartRate": 85} 1`] = `1`;

exports[`Physical test test sequence {"created_at": "2001-01-01T01:25:00.000Z", "heartRate": 85} 1`] = `1`;

exports[`Physical test test sequence {"created_at": "2001-01-01T01:30:00.000Z", "heartRate": 85} 1`] = `1`;

exports[`Physical test test sequence {"created_at": "2001-01-01T01:35:00.000Z", "heartRate": 85} 1`] = `1`;

exports[`Physical test test sequence {"created_at": "2001-01-01T01:40:00.000Z", "heartRate": 85} 1`] = `1`;

exports[`Physical test test sequence {"created_at": "2001-01-01T01:45:00.000Z", "heartRate": 85} 1`] = `1`;

exports[`Physical test test sequence {"created_at": "2001-01-01T01:50:00.000Z", "heartRate": 85} 1`] = `1`;

exports[`Physical test test sequence {"created_at": "2001-01-01T01:55:00.000Z", "heartRate": 85} 1`] = `1`;

exports[`Physical test test sequence {"created_at": "2001-01-01T02:00:00.000Z", "heartRate": 85} 1`] = `1`;

exports[`Physical test test sequence {"created_at": "2001-01-01T02:05:00.000Z", "heartRate": 85} 1`] = `1`;

exports[`Physical test test sequence {"created_at": "2001-01-01T02:10:00.000Z", "heartRate": 85} 1`] = `1`;

exports[`Physical test test sequence {"created_at": "2001-01-01T02:15:00.000Z", "heartRate": 85} 1`] = `1`;

exports[`Physical test test sequence {"created_at": "2001-01-01T02:20:00.000Z", "heartRate": 85} 1`] = `1`;

exports[`Physical test test sequence {"created_at": "2001-01-01T02:25:00.000Z", "heartRate": 85} 1`] = `1`;

exports[`Physical test test sequence {"created_at": "2001-01-01T02:30:00.000Z", "heartRate": 85} 1`] = `1`;

exports[`Physical test test sequence {"created_at": "2001-01-01T02:35:00.000Z", "heartRate": 85} 1`] = `1`;

exports[`Physical test test sequence {"created_at": "2001-01-01T02:40:00.000Z", "heartRate": 85} 1`] = `1`;

exports[`Physical test test sequence {"created_at": "2001-01-01T02:45:00.000Z", "heartRate": 85} 1`] = `1`;

exports[`Physical test test sequence {"created_at": "2001-01-01T02:50:00.000Z", "heartRate": 85} 1`] = `1`;

exports[`Physical test test sequence {"created_at": "2001-01-01T02:55:00.000Z", "heartRate": 85} 1`] = `1`;

exports[`Physical test test sequence {"created_at": "2001-01-01T03:00:00.000Z", "heartRate": 85} 1`] = `1`;

exports[`Physical test test sequence {"created_at": "2001-01-01T03:05:00.000Z", "heartRate": 85} 1`] = `1`;

exports[`Physical test test sequence {"created_at": "2001-01-01T03:10:00.000Z", "heartRate": 85} 1`] = `1`;

exports[`Physical test test sequence {"created_at": "2001-01-01T03:15:00.000Z", "heartRate": 85} 1`] = `1`;

exports[`Physical test test sequence {"created_at": "2001-01-01T03:20:00.000Z", "heartRate": 85} 1`] = `1`;

exports[`Physical test test sequence {"created_at": "2001-01-01T03:25:00.000Z", "heartRate": 85} 1`] = `1`;

exports[`Physical test test sequence {"created_at": "2001-01-01T03:30:00.000Z", "heartRate": 85} 1`] = `1`;

exports[`Physical test test sequence {"created_at": "2001-01-01T03:35:00.000Z", "heartRate": 85} 1`] = `1`;

exports[`Physical test test sequence {"created_at": "2001-01-01T03:40:00.000Z", "heartRate": 85} 1`] = `1`;

exports[`Physical test test sequence {"created_at": "2001-01-01T03:45:00.000Z", "heartRate": 85} 1`] = `1`;

exports[`Physical test test sequence {"created_at": "2001-01-01T03:50:00.000Z", "heartRate": 85} 1`] = `1`;

exports[`Physical test test sequence {"created_at": "2001-01-01T03:55:00.000Z", "heartRate": 85} 1`] = `1`;

exports[`Physical test test sequence {"created_at": "2001-01-01T04:00:00.000Z", "heartRate": 85} 1`] = `1`;

exports[`Physical test test sequence {"created_at": "2001-01-01T04:05:00.000Z", "heartRate": 85} 1`] = `1`;

exports[`Physical test test sequence {"created_at": "2001-01-01T04:10:00.000Z", "heartRate": 85} 1`] = `1`;

exports[`Physical test test sequence {"created_at": "2001-01-01T04:15:00.000Z", "heartRate": 85} 1`] = `1`;

exports[`Physical test test sequence {"created_at": "2001-01-01T04:20:00.000Z", "heartRate": 85} 1`] = `1`;

exports[`Physical test test sequence {"created_at": "2001-01-01T04:25:00.000Z", "heartRate": 85} 1`] = `1`;

exports[`Physical test test sequence {"created_at": "2001-01-01T04:30:00.000Z", "heartRate": 85} 1`] = `1`;

exports[`Physical test test sequence {"created_at": "2001-01-01T04:35:00.000Z", "heartRate": 85} 1`] = `1`;

exports[`Physical test test sequence {"created_at": "2001-01-01T04:40:00.000Z", "heartRate": 85} 1`] = `1`;

exports[`Physical test test sequence {"created_at": "2001-01-01T04:45:00.000Z", "heartRate": 85} 1`] = `1`;

exports[`Physical test test sequence {"created_at": "2001-01-01T04:50:00.000Z", "heartRate": 85} 1`] = `1`;

exports[`Physical test test sequence {"created_at": "2001-01-01T04:55:00.000Z", "heartRate": 85} 1`] = `1`;

exports[`Physical test test sequence {"created_at": "2001-01-01T05:00:00.000Z", "heartRate": 118.99999999999999} 1`] = `1.7`;

exports[`Physical test test sequence {"created_at": "2001-01-01T05:05:00.000Z", "heartRate": 118.99999999999999} 1`] = `2.124571461798843`;

exports[`Physical test test sequence {"created_at": "2001-01-01T05:10:00.000Z", "heartRate": 118.99999999999999} 1`] = `2.382087070618853`;

exports[`Physical test test sequence {"created_at": "2001-01-01T05:15:00.000Z", "heartRate": 118.99999999999999} 1`] = `2.538278182722754`;

exports[`Physical test test sequence {"created_at": "2001-01-01T05:20:00.000Z", "heartRate": 118.99999999999999} 1`] = `2.6330128809883826`;

exports[`Physical test test sequence {"created_at": "2001-01-01T05:25:00.000Z", "heartRate": 118.99999999999999} 1`] = `2.6904723800251116`;

exports[`Physical test test sequence {"created_at": "2001-01-01T05:30:00.000Z", "heartRate": 118.99999999999999} 1`] = `2.7253233278826166`;

exports[`Physical test test sequence {"created_at": "2001-01-01T05:35:00.000Z", "heartRate": 118.99999999999999} 1`] = `2.74646149627824`;

exports[`Physical test test sequence {"created_at": "2001-01-01T05:40:00.000Z", "heartRate": 118.99999999999999} 1`] = `2.7592824435003536`;

exports[`Physical test test sequence {"created_at": "2001-01-01T05:45:00.000Z", "heartRate": 118.99999999999999} 1`] = `2.7670587410771232`;

exports[`Physical test test sequence {"created_at": "2001-01-01T05:50:00.000Z", "heartRate": 118.99999999999999} 1`] = `2.771775303976483`;

exports[`Physical test test sequence {"created_at": "2001-01-01T05:55:00.000Z", "heartRate": 118.99999999999999} 1`] = `2.774636043983408`;
