// Jest Snapshot v1, https://goo.gl/fbAQLP

exports[`pid4 test start from 180 @13:00Z 1`] = `74`;
