// Jest Snapshot v1, https://goo.gl/fbAQLP

exports[`pid6 (PID-IFB) test start from 180 @13:00Z using PID-IFB controller 1`] = `197`;
