// Jest Snapshot v1, https://goo.gl/fbAQLP

exports[`simulator test start from 274 22:10 + 14u tou + 1`] = `
Array [
  "Tou 14U  2022-05-29T22:10:00.000Z",
  "Result 277 2022-05-29T22:10:00.000Z",
  "Result 279 2022-05-29T22:15:00.000Z",
  "Result 280 2022-05-29T22:20:00.000Z",
  "Result 280 2022-05-29T22:25:00.000Z",
  "Result 281 2022-05-29T22:30:00.000Z",
  "Result 282 2022-05-29T22:35:00.000Z",
  "Result 285 2022-05-29T22:40:00.000Z",
  "Result 290 2022-05-29T22:45:00.000Z",
  "Result 294 2022-05-29T22:50:00.000Z",
  "Result 298 2022-05-29T22:55:00.000Z",
  "Result 301 2022-05-29T23:00:00.000Z",
  "Result 303 2022-05-29T23:05:00.000Z",
  "Result 304 2022-05-29T23:10:00.000Z",
  "Result 304 2022-05-29T23:15:00.000Z",
  "Result 303 2022-05-29T23:20:00.000Z",
  "Result 300 2022-05-29T23:25:00.000Z",
  "Result 298 2022-05-29T23:30:00.000Z",
  "Result 298 2022-05-29T23:35:00.000Z",
  "Result 299 2022-05-29T23:40:00.000Z",
  "Result 302 2022-05-29T23:45:00.000Z",
  "Result 304 2022-05-29T23:50:00.000Z",
  "Result 305 2022-05-29T23:55:00.000Z",
  "Result 306 2022-05-30T00:00:00.000Z",
  "Result 306 2022-05-30T00:05:00.000Z",
  "Result 305 2022-05-30T00:10:00.000Z",
  "Result 302 2022-05-30T00:15:00.000Z",
  "Result 299 2022-05-30T00:20:00.000Z",
  "Result 295 2022-05-30T00:25:00.000Z",
  "Result 292 2022-05-30T00:30:00.000Z",
  "Result 290 2022-05-30T00:35:00.000Z",
  "Result 288 2022-05-30T00:40:00.000Z",
  "Result 287 2022-05-30T00:45:00.000Z",
  "Result 285 2022-05-30T00:50:00.000Z",
  "Result 283 2022-05-30T00:55:00.000Z",
  "Result 281 2022-05-30T01:00:00.000Z",
  "Result 280 2022-05-30T01:05:00.000Z",
  "Result 278 2022-05-30T01:10:00.000Z",
  "Result 275 2022-05-30T01:15:00.000Z",
  "Result 271 2022-05-30T01:20:00.000Z",
  "Result 266 2022-05-30T01:25:00.000Z",
  "Result 261 2022-05-30T01:30:00.000Z",
  "Result 256 2022-05-30T01:35:00.000Z",
  "Result 252 2022-05-30T01:40:00.000Z",
  "Result 248 2022-05-30T01:45:00.000Z",
  "Result 245 2022-05-30T01:50:00.000Z",
  "Result 242 2022-05-30T01:55:00.000Z",
  "Result 239 2022-05-30T02:00:00.000Z",
  "Result 237 2022-05-30T02:05:00.000Z",
  "Result 233 2022-05-30T02:10:00.000Z",
  "Result 227 2022-05-30T02:15:00.000Z",
  "Result 220 2022-05-30T02:20:00.000Z",
  "Result 212 2022-05-30T02:25:00.000Z",
  "Result 205 2022-05-30T02:30:00.000Z",
  "Result 199 2022-05-30T02:35:00.000Z",
  "Result 192 2022-05-30T02:40:00.000Z",
  "Result 185 2022-05-30T02:45:00.000Z",
  "Result 179 2022-05-30T02:50:00.000Z",
  "Result 174 2022-05-30T02:55:00.000Z",
  "Result 171 2022-05-30T03:00:00.000Z",
  "Result 170 2022-05-30T03:05:00.000Z",
  "Result 167 2022-05-30T03:10:00.000Z",
  "Result 162 2022-05-30T03:15:00.000Z",
  "Result 155 2022-05-30T03:20:00.000Z",
  "Result 146 2022-05-30T03:25:00.000Z",
  "Result 139 2022-05-30T03:30:00.000Z",
  "Result 134 2022-05-30T03:35:00.000Z",
  "Result 130 2022-05-30T03:40:00.000Z",
  "Result 128 2022-05-30T03:45:00.000Z",
  "Result 125 2022-05-30T03:50:00.000Z",
  "Result 121 2022-05-30T03:55:00.000Z",
  "Result 117 2022-05-30T04:00:00.000Z",
  "Result 114 2022-05-30T04:05:00.000Z",
  "Result 110 2022-05-30T04:10:00.000Z",
  "Result 106 2022-05-30T04:15:00.000Z",
  "Result 101 2022-05-30T04:20:00.000Z",
  "Result 96 2022-05-30T04:25:00.000Z",
  "Result 89 2022-05-30T04:30:00.000Z",
  "Result 80 2022-05-30T04:35:00.000Z",
  "Result 71 2022-05-30T04:40:00.000Z",
  "Result 60 2022-05-30T04:45:00.000Z",
  "Result 50 2022-05-30T04:50:00.000Z",
  "Result 40 2022-05-30T04:55:00.000Z",
  "Result 40 2022-05-30T05:00:00.000Z",
  "Result 40 2022-05-30T05:05:00.000Z",
  "Result 40 2022-05-30T05:10:00.000Z",
  "Result 40 2022-05-30T05:15:00.000Z",
  "Result 40 2022-05-30T05:20:00.000Z",
  "Result 40 2022-05-30T05:25:00.000Z",
  "Result 40 2022-05-30T05:30:00.000Z",
  "Result 40 2022-05-30T05:35:00.000Z",
  "Bolus 6U  2022-05-30T05:40:00.000Z",
  "Result 40 2022-05-30T05:40:00.000Z",
  "Result 40 2022-05-30T05:45:00.000Z",
  "Result 40 2022-05-30T05:50:00.000Z",
  "Result 40 2022-05-30T05:55:00.000Z",
  "Result 40 2022-05-30T06:00:00.000Z",
  "Result 40 2022-05-30T06:05:00.000Z",
  "Result 40 2022-05-30T06:10:00.000Z",
  "Result 40 2022-05-30T06:15:00.000Z",
  "Result 40 2022-05-30T06:20:00.000Z",
  "Result 40 2022-05-30T06:25:00.000Z",
  "Result 40 2022-05-30T06:30:00.000Z",
  "Result 40 2022-05-30T06:35:00.000Z",
  "Result 40 2022-05-30T06:40:00.000Z",
  "Result 40 2022-05-30T06:45:00.000Z",
  "Result 40 2022-05-30T06:50:00.000Z",
  "Result 40 2022-05-30T06:55:00.000Z",
  "Result 40 2022-05-30T07:00:00.000Z",
  "Result 40 2022-05-30T07:05:00.000Z",
  "Result 40 2022-05-30T07:10:00.000Z",
  "Result 40 2022-05-30T07:15:00.000Z",
  "Result 40 2022-05-30T07:20:00.000Z",
  "Result 40 2022-05-30T07:25:00.000Z",
  "Result 40 2022-05-30T07:30:00.000Z",
  "Result 40 2022-05-30T07:35:00.000Z",
  "Result 40 2022-05-30T07:40:00.000Z",
  "Result 40 2022-05-30T07:45:00.000Z",
  "Result 40 2022-05-30T07:50:00.000Z",
  "Result 40 2022-05-30T07:55:00.000Z",
  "Result 40 2022-05-30T08:00:00.000Z",
  "Result 40 2022-05-30T08:05:00.000Z",
  "Result 40 2022-05-30T08:10:00.000Z",
  "Result 40 2022-05-30T08:15:00.000Z",
  "Result 40 2022-05-30T08:20:00.000Z",
  "Result 40 2022-05-30T08:25:00.000Z",
  "Result 40 2022-05-30T08:30:00.000Z",
  "Result 40 2022-05-30T08:35:00.000Z",
  "Result 40 2022-05-30T08:40:00.000Z",
  "Result 40 2022-05-30T08:45:00.000Z",
  "Result 40 2022-05-30T08:50:00.000Z",
  "Result 40 2022-05-30T08:55:00.000Z",
  "Result 40 2022-05-30T09:00:00.000Z",
  "Result 40 2022-05-30T09:05:00.000Z",
  "Result 40 2022-05-30T09:10:00.000Z",
  "Result 40 2022-05-30T09:15:00.000Z",
  "Result 40 2022-05-30T09:20:00.000Z",
  "Result 40 2022-05-30T09:25:00.000Z",
  "Result 40 2022-05-30T09:30:00.000Z",
  "Result 40 2022-05-30T09:35:00.000Z",
  "Result 40 2022-05-30T09:40:00.000Z",
  "Result 40 2022-05-30T09:45:00.000Z",
  "Result 40 2022-05-30T09:50:00.000Z",
  "Result 40 2022-05-30T09:55:00.000Z",
  "Result 40 2022-05-30T10:00:00.000Z",
  "Result 40 2022-05-30T10:05:00.000Z",
  "Result 40 2022-05-30T10:10:00.000Z",
  "Result 40 2022-05-30T10:15:00.000Z",
  "Result 40 2022-05-30T10:20:00.000Z",
  "Result 40 2022-05-30T10:25:00.000Z",
  "Result 40 2022-05-30T10:30:00.000Z",
  "Result 40 2022-05-30T10:35:00.000Z",
  "Result 40 2022-05-30T10:40:00.000Z",
  "Result 40 2022-05-30T10:45:00.000Z",
  "Result 40 2022-05-30T10:50:00.000Z",
  "Result 40 2022-05-30T10:55:00.000Z",
  "Result 40 2022-05-30T11:00:00.000Z",
  "Result 40 2022-05-30T11:05:00.000Z",
  "Result 40 2022-05-30T11:10:00.000Z",
  "Result 40 2022-05-30T11:15:00.000Z",
  "Result 40 2022-05-30T11:20:00.000Z",
  "Result 40 2022-05-30T11:25:00.000Z",
  "Result 40 2022-05-30T11:30:00.000Z",
  "Result 40 2022-05-30T11:35:00.000Z",
  "Result 40 2022-05-30T11:40:00.000Z",
  "Result 40 2022-05-30T11:45:00.000Z",
  "Result 40 2022-05-30T11:50:00.000Z",
  "Result 40 2022-05-30T11:55:00.000Z",
  "Result 40 2022-05-30T12:00:00.000Z",
  "Result 40 2022-05-30T12:05:00.000Z",
  "Result 40 2022-05-30T12:10:00.000Z",
  "Result 40 2022-05-30T12:15:00.000Z",
  "Result 40 2022-05-30T12:20:00.000Z",
  "Result 40 2022-05-30T12:25:00.000Z",
  "Result 40 2022-05-30T12:30:00.000Z",
  "Result 40 2022-05-30T12:35:00.000Z",
  "Result 40 2022-05-30T12:40:00.000Z",
  "Result 40 2022-05-30T12:45:00.000Z",
  "Result 40 2022-05-30T12:50:00.000Z",
  "Result 40 2022-05-30T12:55:00.000Z",
  "Result 40 2022-05-30T13:00:00.000Z",
  "Result 40 2022-05-30T13:05:00.000Z",
  "Result 40 2022-05-30T13:10:00.000Z",
  "Result 40 2022-05-30T13:15:00.000Z",
  "Result 40 2022-05-30T13:20:00.000Z",
  "Result 40 2022-05-30T13:25:00.000Z",
  "Result 40 2022-05-30T13:30:00.000Z",
  "Result 40 2022-05-30T13:35:00.000Z",
  "Result 40 2022-05-30T13:40:00.000Z",
  "Result 40 2022-05-30T13:45:00.000Z",
  "Result 40 2022-05-30T13:50:00.000Z",
  "Result 40 2022-05-30T13:55:00.000Z",
  "Result 40 2022-05-30T14:00:00.000Z",
  "Result 40 2022-05-30T14:05:00.000Z",
  "Result 40 2022-05-30T14:10:00.000Z",
  "Result 40 2022-05-30T14:15:00.000Z",
  "Result 40 2022-05-30T14:20:00.000Z",
  "Result 40 2022-05-30T14:25:00.000Z",
  "Result 40 2022-05-30T14:30:00.000Z",
  "Result 40 2022-05-30T14:35:00.000Z",
  "Result 40 2022-05-30T14:40:00.000Z",
  "Result 40 2022-05-30T14:45:00.000Z",
  "Result 40 2022-05-30T14:50:00.000Z",
  "Result 40 2022-05-30T14:55:00.000Z",
  "Result 40 2022-05-30T15:00:00.000Z",
  "Result 40 2022-05-30T15:05:00.000Z",
  "Result 40 2022-05-30T15:10:00.000Z",
  "Result 40 2022-05-30T15:15:00.000Z",
  "Result 40 2022-05-30T15:20:00.000Z",
  "Result 40 2022-05-30T15:25:00.000Z",
  "Result 40 2022-05-30T15:30:00.000Z",
  "Result 40 2022-05-30T15:35:00.000Z",
  "Result 40 2022-05-30T15:40:00.000Z",
  "Result 40 2022-05-30T15:45:00.000Z",
  "Result 40 2022-05-30T15:50:00.000Z",
  "Result 40 2022-05-30T15:55:00.000Z",
  "Result 40 2022-05-30T16:00:00.000Z",
  "Result 40 2022-05-30T16:05:00.000Z",
  "Result 40 2022-05-30T16:10:00.000Z",
  "Result 40 2022-05-30T16:15:00.000Z",
  "Result 40 2022-05-30T16:20:00.000Z",
  "Result 40 2022-05-30T16:25:00.000Z",
  "Result 40 2022-05-30T16:30:00.000Z",
  "Result 40 2022-05-30T16:35:00.000Z",
  "Result 40 2022-05-30T16:40:00.000Z",
  "Result 40 2022-05-30T16:45:00.000Z",
  "Result 40 2022-05-30T16:50:00.000Z",
  "Result 40 2022-05-30T16:55:00.000Z",
  "Result 40 2022-05-30T17:00:00.000Z",
  "Result 40 2022-05-30T17:05:00.000Z",
  "Result 40 2022-05-30T17:10:00.000Z",
  "Result 40 2022-05-30T17:15:00.000Z",
  "Result 40 2022-05-30T17:20:00.000Z",
  "Result 40 2022-05-30T17:25:00.000Z",
  "Result 40 2022-05-30T17:30:00.000Z",
  "Result 40 2022-05-30T17:35:00.000Z",
  "Result 40 2022-05-30T17:40:00.000Z",
  "Result 40 2022-05-30T17:45:00.000Z",
  "Result 40 2022-05-30T17:50:00.000Z",
  "Result 40 2022-05-30T17:55:00.000Z",
  "Result 40 2022-05-30T18:00:00.000Z",
  "Result 40 2022-05-30T18:05:00.000Z",
  "Result 40 2022-05-30T18:10:00.000Z",
  "Result 40 2022-05-30T18:15:00.000Z",
  "Result 40 2022-05-30T18:20:00.000Z",
  "Result 40 2022-05-30T18:25:00.000Z",
  "Result 40 2022-05-30T18:30:00.000Z",
  "Result 40 2022-05-30T18:35:00.000Z",
  "Result 40 2022-05-30T18:40:00.000Z",
  "Result 40 2022-05-30T18:45:00.000Z",
  "Result 40 2022-05-30T18:50:00.000Z",
  "Result 40 2022-05-30T18:55:00.000Z",
  "Result 40 2022-05-30T19:00:00.000Z",
  "Result 40 2022-05-30T19:05:00.000Z",
  "Result 40 2022-05-30T19:10:00.000Z",
  "Result 40 2022-05-30T19:15:00.000Z",
  "Result 40 2022-05-30T19:20:00.000Z",
  "Result 40 2022-05-30T19:25:00.000Z",
  "Result 40 2022-05-30T19:30:00.000Z",
  "Result 40 2022-05-30T19:35:00.000Z",
  "Result 40 2022-05-30T19:40:00.000Z",
  "Result 40 2022-05-30T19:45:00.000Z",
  "Result 40 2022-05-30T19:50:00.000Z",
  "Result 40 2022-05-30T19:55:00.000Z",
  "Result 40 2022-05-30T20:00:00.000Z",
  "Result 40 2022-05-30T20:05:00.000Z",
  "Result 40 2022-05-30T20:10:00.000Z",
  "Result 40 2022-05-30T20:15:00.000Z",
  "Result 40 2022-05-30T20:20:00.000Z",
  "Result 40 2022-05-30T20:25:00.000Z",
  "Result 40 2022-05-30T20:30:00.000Z",
  "Result 40 2022-05-30T20:35:00.000Z",
  "Result 40 2022-05-30T20:40:00.000Z",
  "Result 40 2022-05-30T20:45:00.000Z",
  "Result 40 2022-05-30T20:50:00.000Z",
  "Result 40 2022-05-30T20:55:00.000Z",
  "Result 40 2022-05-30T21:00:00.000Z",
  "Result 42 2022-05-30T21:05:00.000Z",
  "Result 43 2022-05-30T21:10:00.000Z",
  "Result 43 2022-05-30T21:15:00.000Z",
  "Result 44 2022-05-30T21:20:00.000Z",
  "Result 46 2022-05-30T21:25:00.000Z",
  "Result 48 2022-05-30T21:30:00.000Z",
  "Result 50 2022-05-30T21:35:00.000Z",
  "Result 52 2022-05-30T21:40:00.000Z",
  "Result 54 2022-05-30T21:45:00.000Z",
  "Result 55 2022-05-30T21:50:00.000Z",
  "Result 57 2022-05-30T21:55:00.000Z",
  "Result 57 2022-05-30T22:00:00.000Z",
  "Result 57 2022-05-30T22:05:00.000Z",
  "Result 58 2022-05-30T22:10:00.000Z",
  "Result 59 2022-05-30T22:15:00.000Z",
  "Result 61 2022-05-30T22:20:00.000Z",
  "Result 63 2022-05-30T22:25:00.000Z",
  "Result 64 2022-05-30T22:30:00.000Z",
  "Result 64 2022-05-30T22:35:00.000Z",
  "Result 62 2022-05-30T22:40:00.000Z",
  "Result 59 2022-05-30T22:45:00.000Z",
  "Result 57 2022-05-30T22:50:00.000Z",
  "Result 56 2022-05-30T22:55:00.000Z",
  "Result 55 2022-05-30T23:00:00.000Z",
  "Result 54 2022-05-30T23:05:00.000Z",
  "Result 53 2022-05-30T23:10:00.000Z",
  "Result 53 2022-05-30T23:15:00.000Z",
  "Result 54 2022-05-30T23:20:00.000Z",
  "Result 55 2022-05-30T23:25:00.000Z",
  "Result 56 2022-05-30T23:30:00.000Z",
  "Result 57 2022-05-30T23:35:00.000Z",
  "Result 57 2022-05-30T23:40:00.000Z",
  "Result 56 2022-05-30T23:45:00.000Z",
  "Result 57 2022-05-30T23:50:00.000Z",
  "Result 59 2022-05-30T23:55:00.000Z",
  "Result 60 2022-05-31T00:00:00.000Z",
  "Result 61 2022-05-31T00:05:00.000Z",
  "Result 62 2022-05-31T00:10:00.000Z",
  "Result 63 2022-05-31T00:15:00.000Z",
  "Result 64 2022-05-31T00:20:00.000Z",
  "Result 64 2022-05-31T00:25:00.000Z",
  "Result 65 2022-05-31T00:30:00.000Z",
  "Result 66 2022-05-31T00:35:00.000Z",
  "Result 66 2022-05-31T00:40:00.000Z",
  "Result 64 2022-05-31T00:45:00.000Z",
  "Result 63 2022-05-31T00:50:00.000Z",
  "Result 63 2022-05-31T00:55:00.000Z",
  "Result 64 2022-05-31T01:00:00.000Z",
  "Result 66 2022-05-31T01:05:00.000Z",
  "Result 68 2022-05-31T01:10:00.000Z",
  "Result 69 2022-05-31T01:15:00.000Z",
  "Result 69 2022-05-31T01:20:00.000Z",
  "Result 68 2022-05-31T01:25:00.000Z",
  "Result 69 2022-05-31T01:30:00.000Z",
  "Result 72 2022-05-31T01:35:00.000Z",
  "Result 75 2022-05-31T01:40:00.000Z",
  "Result 79 2022-05-31T01:45:00.000Z",
  "Result 82 2022-05-31T01:50:00.000Z",
  "Result 85 2022-05-31T01:55:00.000Z",
  "Result 88 2022-05-31T02:00:00.000Z",
  "Result 90 2022-05-31T02:05:00.000Z",
  "Result 91 2022-05-31T02:10:00.000Z",
  "Result 91 2022-05-31T02:15:00.000Z",
  "Result 91 2022-05-31T02:20:00.000Z",
  "Result 90 2022-05-31T02:25:00.000Z",
  "Result 91 2022-05-31T02:30:00.000Z",
  "Result 93 2022-05-31T02:35:00.000Z",
  "Result 96 2022-05-31T02:40:00.000Z",
  "Result 101 2022-05-31T02:45:00.000Z",
  "Result 106 2022-05-31T02:50:00.000Z",
  "Result 111 2022-05-31T02:55:00.000Z",
  "Result 116 2022-05-31T03:00:00.000Z",
  "Result 122 2022-05-31T03:05:00.000Z",
  "Result 126 2022-05-31T03:10:00.000Z",
  "Result 128 2022-05-31T03:15:00.000Z",
  "Result 128 2022-05-31T03:20:00.000Z",
  "Result 127 2022-05-31T03:25:00.000Z",
  "Result 126 2022-05-31T03:30:00.000Z",
  "Result 126 2022-05-31T03:35:00.000Z",
  "Result 127 2022-05-31T03:40:00.000Z",
  "Result 128 2022-05-31T03:45:00.000Z",
  "Result 129 2022-05-31T03:50:00.000Z",
  "Result 130 2022-05-31T03:55:00.000Z",
  "Result 130 2022-05-31T04:00:00.000Z",
  "Result 129 2022-05-31T04:05:00.000Z",
  "Result 130 2022-05-31T04:10:00.000Z",
  "Result 132 2022-05-31T04:15:00.000Z",
  "Result 132 2022-05-31T04:20:00.000Z",
  "Result 131 2022-05-31T04:25:00.000Z",
  "Result 131 2022-05-31T04:30:00.000Z",
  "Result 133 2022-05-31T04:35:00.000Z",
  "Result 134 2022-05-31T04:40:00.000Z",
  "Result 134 2022-05-31T04:45:00.000Z",
  "Result 135 2022-05-31T04:50:00.000Z",
  "Result 138 2022-05-31T04:55:00.000Z",
  "Result 142 2022-05-31T05:00:00.000Z",
  "Result 148 2022-05-31T05:05:00.000Z",
  "Result 153 2022-05-31T05:10:00.000Z",
  "Result 157 2022-05-31T05:15:00.000Z",
  "Result 160 2022-05-31T05:20:00.000Z",
  "Result 162 2022-05-31T05:25:00.000Z",
  "Result 165 2022-05-31T05:30:00.000Z",
  "Result 168 2022-05-31T05:35:00.000Z",
  "Result 171 2022-05-31T05:40:00.000Z",
  "Result 173 2022-05-31T05:45:00.000Z",
  "Result 175 2022-05-31T05:50:00.000Z",
  "Result 176 2022-05-31T05:55:00.000Z",
  "Result 176 2022-05-31T06:00:00.000Z",
  "Result 175 2022-05-31T06:05:00.000Z",
  "Result 174 2022-05-31T06:10:00.000Z",
  "Result 173 2022-05-31T06:15:00.000Z",
  "Result 173 2022-05-31T06:20:00.000Z",
  "Result 174 2022-05-31T06:25:00.000Z",
  "Result 175 2022-05-31T06:30:00.000Z",
  "Result 177 2022-05-31T06:35:00.000Z",
  "Result 179 2022-05-31T06:40:00.000Z",
  "Result 182 2022-05-31T06:45:00.000Z",
  "Result 185 2022-05-31T06:50:00.000Z",
  "Result 187 2022-05-31T06:55:00.000Z",
  "Result 189 2022-05-31T07:00:00.000Z",
  "Result 190 2022-05-31T07:05:00.000Z",
  "Result 191 2022-05-31T07:10:00.000Z",
  "Result 193 2022-05-31T07:15:00.000Z",
  "Result 196 2022-05-31T07:20:00.000Z",
  "Result 200 2022-05-31T07:25:00.000Z",
  "Result 204 2022-05-31T07:30:00.000Z",
  "Result 207 2022-05-31T07:35:00.000Z",
  "Result 212 2022-05-31T07:40:00.000Z",
  "Result 218 2022-05-31T07:45:00.000Z",
  "Result 222 2022-05-31T07:50:00.000Z",
  "Result 224 2022-05-31T07:55:00.000Z",
  "Result 224 2022-05-31T08:00:00.000Z",
  "Result 222 2022-05-31T08:05:00.000Z",
]
`;
