// Jest Snapshot v1, https://goo.gl/fbAQLP

exports[`test toujeo weight:80 ins:30 minutesAgo:300 1`] = `0.018792946771901523`;
